MAP
    CONFIG "MS_ERRORFILE" "/tmp/generic_map_error.txt"
    DEBUG 5
    NAME "GENERIC_MAP"
    SIZE 800 800
    UNITS meters
    SHAPEPATH  "/data/"

    SYMBOLSET "/map/symbolset.txt"

    EXTENT 20.0 -10.0 60.0 40.0
    PROJECTION
        'init=epsg:4326'
    END #PROJECTION

    OUTPUTFORMAT
      NAME "png"
      DRIVER AGG/PNG
      MIMETYPE "image/png"
      IMAGEMODE RGB
      EXTENSION "png"
      FORMATOPTION "QUALITY=80"
    END

    OUTPUTFORMAT
      NAME "application/json"
      DRIVER "OGR/GEOJSON"
      MIMETYPE "application/json"
      FORMATOPTION "FORM=SIMPLE"
      FORMATOPTION "STORAGE=memory"
    END

    IMAGECOLOR -1 -1 -1

    WEB
        IMAGEPATH '/tmp/'
        IMAGEURL '/tmp/'

        METADATA
          'ows_title'           'Test Map'
          'oga_onlineresource'  'http://localhost:8282/generic/ogcapi' #[OGC API] REQUIRED 
          'ows_srs'             'EPSG:3857 EPSG:4326 EPSG:900913'      
          'wms_feature_info_mime_type' "text/html" 
          'ows_enable_request'   '*' #[OGC API] REQUIRED 
          'oga_html_template_directory' '/etc/mapserver/share/ogcapi/templates/html-bootstrap4/' #[OGC API] REQUIRED
        END 
    END 

    LAYER
      NAME "airports"
      EXTENT -90 -180 90 180
      PROJECTION
         "init=epsg:4326"
      END
      DATA 'airports/ne_10m_airports.shp'
      STATUS ON
      TYPE POINT
      CLASS
        STYLE
           SYMBOL 'circlef'
           SIZE 10
           WIDTH 1
           COLOR 255 0 0
           OUTLINECOLOR 0 255 0
        END # STYLE
      END # CLASS
      METADATA
        "ows_title" "Airports" #[OGC API] REQUIRED
        "ows_abstract" "Airports, NaturalEarth dataset, 2020"
        "gml_include_items" "all" #[OGC API] REQUIRED
        "gml_featureid"     "iata_code" #[OGC API] REQUIRED
      END
      TEMPLATE "VOID" #[OGC API] REQUIRED
    END # LAYER

END 


