MAP
    EXTENT 3964972.86 3964267.08 4042892.87 4040903.33
    CONFIG "MS_ERRORFILE" "/tmp/raster_map_error.txt"
    DEBUG 5
    NAME "RASTER_MAP"
    SIZE 800 800
    UNITS meters
    PROJECTION
        'init=epsg:3857'
    END #PROJECTION

    OUTPUTFORMAT
      NAME "png"
      DRIVER AGG/PNG
      MIMETYPE "image/png"
      IMAGEMODE RGB
      EXTENSION "png"
      FORMATOPTION "QUALITY=80"
    END
    
    IMAGECOLOR -1 -1 -1

    WEB
        IMAGEPATH '/tmp/'
        IMAGEURL '/tmp/'

        METADATA
          'ows_title'           'Test Map'
          'ows_srs'             'EPSG:3857 EPSG:4326 EPSG:900913'      
          'wms_feature_info_mime_type' "text/html" 
          'ows_enable_request'   '*'
        END 
    END 
  
    LAYER
      NAME "tif"
      # EPSG:3857 => 3964972.86 3964267.08 4042892.87 4040903.33
      EXTENT 35.6179573 33.5180279 36.3179246 34.0900751
      DATA "/data/thisme/MV_S1A_LIBAN-BEEKA_20170908T153241.TIF"
      TYPE RASTER
      STATUS ON
      CLASSITEM "[pixel]"
      PROJECTION
         "init=epsg:4326"
      END
      CLASS
        EXPRESSION ([pixel] >= 0 AND [pixel] < 10) 
        STYLE 
          COLORRANGE "#a00000" "#c300b3"
          #DATARANGE 0 10
          RANGEITEM "pixel"
        END
      END
      CLASS
        EXPRESSION ([pixel] >= 10 AND [pixel] < 20) 
        STYLE 
          COLORRANGE "#c300b3" "#ff00aa"
          DATARANGE 10 20
          RANGEITEM "pixel"
        END
      END
      CLASS
        EXPRESSION ([pixel] >= 20 AND [pixel] < 30) 
        STYLE 
          COLORRANGE "#ff00aa" "#ff0000"
          DATARANGE 21 30
          RANGEITEM "pixel"
        END
      END
      CLASS
        EXPRESSION ([pixel] >= 30 AND [pixel] < 40) 
        STYLE 
          COLORRANGE "#ff0000" "#ff7300"
          DATARANGE 31 40
          RANGEITEM "pixel"
        END
      END
      CLASS
        EXPRESSION ([pixel] >= 40 AND [pixel] < 50) 
        STYLE 
          COLORRANGE "#ff7300" "#ffb300"
          DATARANGE 41 50
          RANGEITEM "pixel"
        END
      END
      CLASS
        EXPRESSION ([pixel] >= 50 AND [pixel] < 60) 
        STYLE 
          COLORRANGE "#ffb300" "#ffd482"
          DATARANGE 51 60
          RANGEITEM "pixel"
        END
      END
      CLASS
        EXPRESSION ([pixel] >= 60 AND [pixel] < 70) 
        STYLE 
          COLORRANGE "#ffd482" "#ffff00"
          DATARANGE 61 70
          RANGEITEM "pixel"
        END
      END
      CLASS
        EXPRESSION ([pixel] >= 70 AND [pixel] < 80) 
        STYLE 
          COLORRANGE "#ff0000" "#ffffbf"
          DATARANGE 71 80
          RANGEITEM "pixel"
        END
      END
      CLASS
        EXPRESSION ([pixel] >= 80 AND [pixel] < 90) 
        STYLE 
          COLORRANGE "#ffffbf" "#c8ff8d"
          DATARANGE 81 90
          RANGEITEM "pixel"
        END
      END
      CLASS
        EXPRESSION ([pixel] >= 90 AND [pixel] < 100) 
        STYLE 
          COLORRANGE "#c8ff8d" "#9fff00"
          DATARANGE 91 100
          RANGEITEM "pixel"
        END
      END
      CLASS
        EXPRESSION ([pixel] >= 100 AND [pixel] < 110) 
        STYLE 
          COLORRANGE "#9fff00" "#53ff00"
          DATARANGE 101 110
          RANGEITEM "pixel"
        END
      END
      CLASS
        EXPRESSION ([pixel] >= 110 AND [pixel] < 120) 
        STYLE 
          COLORRANGE "#53ff00" "#2ed688"
          DATARANGE 111 120
          RANGEITEM "pixel"
        END
      END
      CLASS
        EXPRESSION ([pixel] >= 120 AND [pixel] < 130) 
        STYLE 
          COLORRANGE "#2ed688" "#72a989"
          DATARANGE 121 130
          RANGEITEM "pixel"
        END
      END
      CLASS
        EXPRESSION ([pixel] >= 130 AND [pixel] < 140) 
        STYLE 
          COLORRANGE "#72a989" "#39adab"
          DATARANGE 131 140
          RANGEITEM "pixel"
        END
      END
      CLASS
        EXPRESSION ([pixel] >= 140 AND [pixel] < 150) 
        STYLE 
          COLORRANGE "#39adab" "#00bdff"
          DATARANGE 141 150
          RANGEITEM "pixel"
        END
      END
      CLASS
        EXPRESSION ([pixel] >= 150 AND [pixel] < 160) 
        STYLE 
          COLORRANGE "#00bdff" "#9db9ff"
          DATARANGE 151 160
          RANGEITEM "pixel"
        END
      END
      CLASS
        EXPRESSION ([pixel] >= 160 AND [pixel] < 170) 
        STYLE 
          COLORRANGE "#9db9ff" "#006aff"
          DATARANGE 161 170
          RANGEITEM "pixel"
        END
      END
      CLASS
        EXPRESSION ([pixel] >= 170 AND [pixel] < 180) 
        STYLE 
          COLORRANGE "#006aff" "#0000ea"
          DATARANGE 171 180
          RANGEITEM "pixel"
        END
      END
      CLASS
        EXPRESSION ([pixel] >= 180 AND [pixel] < 190) 
        STYLE 
          COLORRANGE "#0000ea" "#31007e"
          DATARANGE 181 190
          RANGEITEM "pixel"
        END
      END
      CLASS
        EXPRESSION ([pixel] >= 190 AND [pixel] < 200) 
        STYLE 
          COLORRANGE "#31007e" "#4a001d"
          DATARANGE 191 200
          RANGEITEM "pixel"
        END
      END
    END

END 
