MAP
    CONFIG "MS_ERRORFILE" "/tmp/generic_map_error.txt"
    DEBUG 5
    NAME "GENERIC_MAP"
    SIZE 800 800
    UNITS meters
    SHAPEPATH  "/map/"

    SYMBOLSET symbolset.txt

    EXTENT 20.0 -10.0 60.0 40.0
    PROJECTION
        'init=epsg:4326'
    END #PROJECTION

    IMAGECOLOR -1 -1 -1
    IMAGEQUALITY 80
    IMAGETYPE PNG

    WEB
        IMAGEPATH '/tmp/'
        IMAGEURL '/tmp/'

        METADATA
          'ows_title'           'Test Map'
          'ows_srs'             'EPSG:3857 EPSG:4326 EPSG:900913'      
          'wms_feature_info_mime_type' "text/html" 
          'ows_enable_request'   '*'
        END 
    END 

    LAYER
      NAME "countries"
      EXTENT -90 -180 90 180
      PROJECTION
         "init=epsg:4326"
      END
      DATA 'ne_50m_admin_0_countries/ne_50m_admin_0_countries.shp'
      STATUS ON
      TYPE POLYGON
      CLASS
        STYLE
           OUTLINECOLOR 152 152 152
        END # STYLE
      END # CLASS
    END # LAYER

    LAYER
      GROUP "tamn"
      NAME "tamn_shape"
      EXTENT -90 -180 90 180
      PROJECTION
         "init=epsg:4326"
      END
      VALIDATION
          "gid"     "^[0-9]+$"
          "column" "^[a-z_]+$"
      END
      DATA "wkt FROM (SELECT %column% as wkt,gid FROM split_test WHERE gid=%gid%) AS foo using unique gid using srid = 4326"
      CONNECTION "user=postgres password=postgres dbname=tamn host=host.docker.internal port=3332"
      PROCESSING "CLOSE_CONNECTION=DEFER"
      CONNECTIONTYPE POSTGIS
      STATUS ON
      TYPE POLYGON
      CLASS
        TEXT '%gid% (ORIGINAL)'
        EXPRESSION ('%column%' eq 'wkt')
        STYLE
           WIDTH 2
           OUTLINECOLOR 255 0 0
           COLOR 255 0 0 
           OPACITY 50
        END # STYLE
        LABEL
          COLOR  0 0 0
          OUTLINECOLOR 255 255 255
          TYPE truetype
          SIZE 30
          POSITION ll
          PARTIALS FALSE
        END
      END # CLASS
      CLASS
        TEXT '%gid% (SPLIT)'
        EXPRESSION ('%column%' eq 'wkt_split')
        STYLE
           WIDTH 2
           OUTLINECOLOR 0 255 0
           COLOR 0 255 0 
           OPACITY 50
        END # STYLE
        LABEL
          COLOR  0 0 0
          OUTLINECOLOR 255 255 255
          TYPE truetype
          SIZE 30
          POSITION ll
          PARTIALS FALSE
        END
      END # CLASS
      CLASS
        TEXT '%gid% (ESA SPLIT)'
        EXPRESSION ('%column%' eq 'wkt_esa')
        STYLE
           WIDTH 2
           OUTLINECOLOR 0 0 255
           COLOR 0 0 255 
           OPACITY 50
        END # STYLE
        LABEL
          COLOR  0 0 0
          OUTLINECOLOR 255 255 255
          TYPE truetype
          SIZE 30
          POSITION ll
          PARTIALS FALSE
        END
      END # CLASS
    END # LAYER

    LAYER
      #GROUP "tamn"
      NAME "tamn_label"
      TYPE POINT
      FEATURE
        POINTS
          0 0
        END
      END
      CLASS
        TEXT '%gid%'
        LABEL #defines the font, colors etc. of the text
          TYPE TRUETYPE
          SIZE 30
          COLOR 0 0 0
          FORCE TRUE
        END #label
      END #class
    END #layer

    LAYER
      NAME "wkt"
      EXTENT -90 -180 90 180
      PROJECTION
         "init=epsg:4326"
      END
      VALIDATION
          "gid"     "^[0-9]+$"
          "column" "^[a-z_]+$"
      END
      DATA "wkt FROM (SELECT wkt as wkt,gid FROM split_test WHERE gid=%gid%) AS foo using unique gid using srid = 4326"
      CONNECTION "user=postgres password=postgres dbname=tamn host=host.docker.internal port=3332"
      PROCESSING "CLOSE_CONNECTION=DEFER"
      CONNECTIONTYPE POSTGIS
      STATUS ON
      TYPE POLYGON
      CLASS
        TEXT '%gid%'
        STYLE
           WIDTH 2
           OUTLINECOLOR 255 0 0
           COLOR 255 0 0 
           OPACITY 50
        END # STYLE
        LABEL
          COLOR  0 0 0
          OUTLINECOLOR 255 255 255
          TYPE truetype
          SIZE 30
          POSITION ll
          PARTIALS FALSE
        END
      END # CLASS
    END # LAYER

    LAYER
      NAME "split"
      EXTENT -90 -180 90 180
      PROJECTION
         "init=epsg:4326"
      END
      VALIDATION
          "gid"     "^[0-9]+$"
          "column" "^[a-z_]+$"
      END
      DATA "wkt FROM (SELECT wkt_split as wkt,gid FROM split_test WHERE gid=%gid%) AS foo using unique gid using srid = 4326"
      CONNECTION "user=postgres password=postgres dbname=tamn host=host.docker.internal port=3332"
      PROCESSING "CLOSE_CONNECTION=DEFER"
      CONNECTIONTYPE POSTGIS
      STATUS ON
      TYPE POLYGON
      CLASS
        TEXT '%gid%'
        STYLE
           WIDTH 2
           OUTLINECOLOR 0 255 0
           COLOR 0 255 0 
           OPACITY 50
        END # STYLE
        LABEL
          COLOR  0 0 0
          OUTLINECOLOR 255 255 255
          TYPE truetype
          SIZE 30
          POSITION ll
          PARTIALS FALSE
        END
      END # CLASS
    END # LAYER

END 


